// Jest Snapshot v1, https://goo.gl/fbAQLP

exports[`Show renders 1`] = `
<div>
  <div
    className="sc-bdfBwQ gqHBDx"
  >
    <img
      className="sc-gsTCUz cVyJTd"
    />
    <div>
      <p />
      <h4 />
      <span
        dangerouslySetInnerHTML={
          Object {
            "__html": undefined,
          }
        }
      />
    </div>
  </div>
  <button
    onClick={[Function]}
    style={
      Object {
        "padding": "0.5rem",
      }
    }
  >
    Add to watchlist
  </button>
</div>
`;
