// Jest Snapshot v1, https://goo.gl/fbAQLP

exports[`App renders 1`] = `
Array [
  <h2>
    Home
  </h2>,
  <div
    className="sc-jrAGrp dwfXyL"
  >
    <a
      aria-current="page"
      className="active"
      href="/"
      onClick={[Function]}
      style={
        Object {
          "color": "blue",
        }
      }
    >
      Home
    </a>
    <a
      aria-current={null}
      href="/search"
      onClick={[Function]}
    >
      Search
    </a>
  </div>,
  <div
    className="sc-jrAGrp dwfXyL"
  >
    <div>
      <div
        className="sc-dlfnbm FXKNV"
      />
    </div>
  </div>,
]
`;
